Component: ARM Compiler 5.06 update 4 (build 422) Tool: armlink [4d35d2]

==============================================================================

Section Cross References

    blinky.o(.text) refers to led_stm32f051-discovery.o(.text) for LED_GetCount
    blinky.o(.text) refers to system_stm32f0xx.o(.text) for SystemCoreClockUpdate
    blinky.o(.text) refers to buttons_stm32f051-discovery.o(.text) for Buttons_Initialize
    blinky.o(.text) refers to uidiv.o(.text) for __aeabi_uidivmod
    blinky.o(.text) refers to blinky.o(.data) for msTicks
    blinky.o(.text) refers to system_stm32f0xx.o(.data) for SystemCoreClock
    led_stm32f051-discovery.o(.text) refers to led_stm32f051-discovery.o(.constdata) for led_mask
    startup_stm32f051x8.o(RESET) refers to startup_stm32f051x8.o(STACK) for __initial_sp
    startup_stm32f051x8.o(RESET) refers to startup_stm32f051x8.o(.text) for Reset_Handler
    startup_stm32f051x8.o(RESET) refers to blinky.o(.text) for SysTick_Handler
    startup_stm32f051x8.o(.text) refers to system_stm32f0xx.o(.text) for SystemInit
    startup_stm32f051x8.o(.text) refers to entry.o(.ARM.Collect$$$$00000000) for __main
    system_stm32f0xx.o(.text) refers to uidiv.o(.text) for __aeabi_uidivmod
    system_stm32f0xx.o(.text) refers to system_stm32f0xx.o(.data) for SystemCoreClock
    system_stm32f0xx.o(.text) refers to system_stm32f0xx.o(.constdata) for AHBPrescTable
    entry.o(.ARM.Collect$$$$00000000) refers (Special) to entry10a.o(.ARM.Collect$$$$0000000D) for __rt_final_cpp
    entry.o(.ARM.Collect$$$$00000000) refers (Special) to entry11a.o(.ARM.Collect$$$$0000000F) for __rt_final_exit
    entry.o(.ARM.Collect$$$$00000000) refers (Special) to entry7b.o(.ARM.Collect$$$$00000008) for _main_clock
    entry.o(.ARM.Collect$$$$00000000) refers (Special) to entry8b.o(.ARM.Collect$$$$0000000A) for _main_cpp_init
    entry.o(.ARM.Collect$$$$00000000) refers (Special) to entry9a.o(.ARM.Collect$$$$0000000B) for _main_init
    entry.o(.ARM.Collect$$$$00000000) refers (Special) to entry5.o(.ARM.Collect$$$$00000004) for _main_scatterload
    entry.o(.ARM.Collect$$$$00000000) refers (Special) to entry2.o(.ARM.Collect$$$$00000001) for _main_stk
    entry2.o(.ARM.Collect$$$$00000001) refers to entry2.o(.ARM.Collect$$$$00002712) for __lit__00000000
    entry2.o(.ARM.Collect$$$$00002712) refers to startup_stm32f051x8.o(STACK) for __initial_sp
    entry2.o(__vectab_stack_and_reset_area) refers to startup_stm32f051x8.o(STACK) for __initial_sp
    entry2.o(__vectab_stack_and_reset_area) refers to entry.o(.ARM.Collect$$$$00000000) for __main
    entry5.o(.ARM.Collect$$$$00000004) refers to init.o(.text) for __scatterload
    entry9a.o(.ARM.Collect$$$$0000000B) refers to blinky.o(.text) for main
    entry9b.o(.ARM.Collect$$$$0000000C) refers to blinky.o(.text) for main
    init.o(.text) refers to entry5.o(.ARM.Collect$$$$00000004) for __main_after_scatterload


==============================================================================

Removing Unused input sections from the image.

    Removing blinky.o(.rev16_text), (4 bytes).
    Removing blinky.o(.revsh_text), (4 bytes).
    Removing buttons_stm32f051-discovery.o(.rev16_text), (4 bytes).
    Removing buttons_stm32f051-discovery.o(.revsh_text), (4 bytes).
    Removing led_stm32f051-discovery.o(.rev16_text), (4 bytes).
    Removing led_stm32f051-discovery.o(.revsh_text), (4 bytes).
    Removing startup_stm32f051x8.o(HEAP), (512 bytes).
    Removing system_stm32f0xx.o(.rev16_text), (4 bytes).
    Removing system_stm32f0xx.o(.revsh_text), (4 bytes).

9 unused section(s) (total 544 bytes) removed from the image.

==============================================================================

Image Symbol Table

    Local Symbols

    Symbol Name                              Value     Ov Type        Size  Object(Section)

    ../clib/microlib/division.c              0x00000000   Number         0  uidiv.o ABSOLUTE
    ../clib/microlib/init/entry.s            0x00000000   Number         0  entry11b.o ABSOLUTE
    ../clib/microlib/init/entry.s            0x00000000   Number         0  entry5.o ABSOLUTE
    ../clib/microlib/init/entry.s            0x00000000   Number         0  entry7b.o ABSOLUTE
    ../clib/microlib/init/entry.s            0x00000000   Number         0  entry8a.o ABSOLUTE
    ../clib/microlib/init/entry.s            0x00000000   Number         0  entry8b.o ABSOLUTE
    ../clib/microlib/init/entry.s            0x00000000   Number         0  entry9a.o ABSOLUTE
    ../clib/microlib/init/entry.s            0x00000000   Number         0  entry7a.o ABSOLUTE
    ../clib/microlib/init/entry.s            0x00000000   Number         0  entry9b.o ABSOLUTE
    ../clib/microlib/init/entry.s            0x00000000   Number         0  entry2.o ABSOLUTE
    ../clib/microlib/init/entry.s            0x00000000   Number         0  entry.o ABSOLUTE
    ../clib/microlib/init/entry.s            0x00000000   Number         0  entry10a.o ABSOLUTE
    ../clib/microlib/init/entry.s            0x00000000   Number         0  entry10b.o ABSOLUTE
    ../clib/microlib/init/entry.s            0x00000000   Number         0  entry11a.o ABSOLUTE
    Blinky.c                                 0x00000000   Number         0  blinky.o ABSOLUTE
    Blinky.c                                 0x00000000   Number         0  blinky.o ABSOLUTE
    C:\Keil_v5\ARM\PACK\Keil\STM32F0xx_DFP\1.5.0\Boards\ST\STM32F051-Discovery\Common\Buttons_STM32F051-Discovery.c 0x00000000   Number         0  buttons_stm32f051-discovery.o ABSOLUTE
    C:\Keil_v5\ARM\PACK\Keil\STM32F0xx_DFP\1.5.0\Boards\ST\STM32F051-Discovery\Common\LED_STM32F051-Discovery.c 0x00000000   Number         0  led_stm32f051-discovery.o ABSOLUTE
    C:\\Keil_v5\\ARM\\PACK\\Keil\\STM32F0xx_DFP\\1.5.0\\Boards\\ST\\STM32F051-Discovery\\Common\\Buttons_STM32F051-Discovery.c 0x00000000   Number         0  buttons_stm32f051-discovery.o ABSOLUTE
    C:\\Keil_v5\\ARM\\PACK\\Keil\\STM32F0xx_DFP\\1.5.0\\Boards\\ST\\STM32F051-Discovery\\Common\\LED_STM32F051-Discovery.c 0x00000000   Number         0  led_stm32f051-discovery.o ABSOLUTE
    RTE\Device\STM32F051R8\startup_stm32f051x8.s 0x00000000   Number         0  startup_stm32f051x8.o ABSOLUTE
    RTE\Device\STM32F051R8\system_stm32f0xx.c 0x00000000   Number         0  system_stm32f0xx.o ABSOLUTE
    RTE\\Device\\STM32F051R8\\system_stm32f0xx.c 0x00000000   Number         0  system_stm32f0xx.o ABSOLUTE
    dc.s                                     0x00000000   Number         0  dc.o ABSOLUTE
    handlers.s                               0x00000000   Number         0  handlers.o ABSOLUTE
    init.s                                   0x00000000   Number         0  init.o ABSOLUTE
    RESET                                    0x08000000   Section      188  startup_stm32f051x8.o(RESET)
    .ARM.Collect$$$$00000000                 0x080000bc   Section        0  entry.o(.ARM.Collect$$$$00000000)
    .ARM.Collect$$$$00000001                 0x080000bc   Section        4  entry2.o(.ARM.Collect$$$$00000001)
    .ARM.Collect$$$$00000004                 0x080000c0   Section        4  entry5.o(.ARM.Collect$$$$00000004)
    .ARM.Collect$$$$00000008                 0x080000c4   Section        0  entry7b.o(.ARM.Collect$$$$00000008)
    .ARM.Collect$$$$0000000A                 0x080000c4   Section        0  entry8b.o(.ARM.Collect$$$$0000000A)
    .ARM.Collect$$$$0000000B                 0x080000c4   Section        8  entry9a.o(.ARM.Collect$$$$0000000B)
    .ARM.Collect$$$$0000000D                 0x080000cc   Section        0  entry10a.o(.ARM.Collect$$$$0000000D)
    .ARM.Collect$$$$0000000F                 0x080000cc   Section        0  entry11a.o(.ARM.Collect$$$$0000000F)
    .ARM.Collect$$$$00002712                 0x080000cc   Section        4  entry2.o(.ARM.Collect$$$$00002712)
    __lit__00000000                          0x080000cc   Data           4  entry2.o(.ARM.Collect$$$$00002712)
    .text                                    0x080000d0   Section        0  blinky.o(.text)
    NVIC_SetPriority                         0x0800024d   Thumb Code   110  blinky.o(.text)
    .text                                    0x080002dc   Section        0  buttons_stm32f051-discovery.o(.text)
    .text                                    0x08000344   Section        0  led_stm32f051-discovery.o(.text)
    .text                                    0x08000428   Section       28  startup_stm32f051x8.o(.text)
    .text                                    0x08000444   Section        0  system_stm32f0xx.o(.text)
    .text                                    0x08000564   Section        0  uidiv.o(.text)
    .text                                    0x08000590   Section       36  init.o(.text)
    i.__scatterload_copy                     0x080005b4   Section       14  handlers.o(i.__scatterload_copy)
    i.__scatterload_null                     0x080005c2   Section        2  handlers.o(i.__scatterload_null)
    i.__scatterload_zeroinit                 0x080005c4   Section       14  handlers.o(i.__scatterload_zeroinit)
    .constdata                               0x080005d4   Section        8  led_stm32f051-discovery.o(.constdata)
    .constdata                               0x080005dc   Section       16  system_stm32f0xx.o(.constdata)
    .data                                    0x20000000   Section        4  blinky.o(.data)
    .data                                    0x20000004   Section        4  system_stm32f0xx.o(.data)
    STACK                                    0x20000008   Section     1024  startup_stm32f051x8.o(STACK)

    Global Symbols

    Symbol Name                              Value     Ov Type        Size  Object(Section)

    BuildAttributes$$THM_ISAv3M$S$PE$A:L22$X:L11$S22$IEEE1$IW$USESV6$~STKCKD$USESV7$~SHL$OSPACE$EBA8$MICROLIB$REQ8$PRES8$EABIv2 0x00000000   Number         0  anon$$obj.o ABSOLUTE
    __ARM_use_no_argv                        0x00000000   Number         0  blinky.o ABSOLUTE
    __cpp_initialize__aeabi_                  - Undefined Weak Reference
    __cxa_finalize                            - Undefined Weak Reference
    __decompress                              - Undefined Weak Reference
    _clock_init                               - Undefined Weak Reference
    _microlib_exit                            - Undefined Weak Reference
    __Vectors_Size                           0x000000bc   Number         0  startup_stm32f051x8.o ABSOLUTE
    __Vectors                                0x08000000   Data           4  startup_stm32f051x8.o(RESET)
    __Vectors_End                            0x080000bc   Data           0  startup_stm32f051x8.o(RESET)
    __main                                   0x080000bd   Thumb Code     0  entry.o(.ARM.Collect$$$$00000000)
    _main_stk                                0x080000bd   Thumb Code     0  entry2.o(.ARM.Collect$$$$00000001)
    _main_scatterload                        0x080000c1   Thumb Code     0  entry5.o(.ARM.Collect$$$$00000004)
    __main_after_scatterload                 0x080000c5   Thumb Code     0  entry5.o(.ARM.Collect$$$$00000004)
    _main_clock                              0x080000c5   Thumb Code     0  entry7b.o(.ARM.Collect$$$$00000008)
    _main_cpp_init                           0x080000c5   Thumb Code     0  entry8b.o(.ARM.Collect$$$$0000000A)
    _main_init                               0x080000c5   Thumb Code     0  entry9a.o(.ARM.Collect$$$$0000000B)
    __rt_final_cpp                           0x080000cd   Thumb Code     0  entry10a.o(.ARM.Collect$$$$0000000D)
    __rt_final_exit                          0x080000cd   Thumb Code     0  entry11a.o(.ARM.Collect$$$$0000000F)
    SysTick_Handler                          0x080000d1   Thumb Code    12  blinky.o(.text)
    Delay                                    0x080000dd   Thumb Code    20  blinky.o(.text)
    SystemCoreClockConfigure                 0x080000f1   Thumb Code   192  blinky.o(.text)
    main                                     0x080001b1   Thumb Code   156  blinky.o(.text)
    Buttons_Initialize                       0x080002dd   Thumb Code    54  buttons_stm32f051-discovery.o(.text)
    Buttons_Uninitialize                     0x08000313   Thumb Code    20  buttons_stm32f051-discovery.o(.text)
    Buttons_GetState                         0x08000327   Thumb Code    22  buttons_stm32f051-discovery.o(.text)
    Buttons_GetCount                         0x0800033d   Thumb Code     4  buttons_stm32f051-discovery.o(.text)
    LED_Off                                  0x08000345   Thumb Code    28  led_stm32f051-discovery.o(.text)
    LED_On                                   0x08000361   Thumb Code    26  led_stm32f051-discovery.o(.text)
    LED_SetOut                               0x0800037b   Thumb Code    42  led_stm32f051-discovery.o(.text)
    LED_Initialize                           0x080003a5   Thumb Code   110  led_stm32f051-discovery.o(.text)
    LED_Uninitialize                         0x08000413   Thumb Code     4  led_stm32f051-discovery.o(.text)
    LED_GetCount                             0x08000417   Thumb Code     4  led_stm32f051-discovery.o(.text)
    Reset_Handler                            0x08000429   Thumb Code     8  startup_stm32f051x8.o(.text)
    NMI_Handler                              0x08000431   Thumb Code     2  startup_stm32f051x8.o(.text)
    HardFault_Handler                        0x08000433   Thumb Code     2  startup_stm32f051x8.o(.text)
    SVC_Handler                              0x08000435   Thumb Code     2  startup_stm32f051x8.o(.text)
    PendSV_Handler                           0x08000437   Thumb Code     2  startup_stm32f051x8.o(.text)
    ADC1_COMP_IRQHandler                     0x0800043b   Thumb Code     0  startup_stm32f051x8.o(.text)
    CEC_IRQHandler                           0x0800043b   Thumb Code     0  startup_stm32f051x8.o(.text)
    DMA1_Channel1_IRQHandler                 0x0800043b   Thumb Code     0  startup_stm32f051x8.o(.text)
    DMA1_Channel2_3_IRQHandler               0x0800043b   Thumb Code     0  startup_stm32f051x8.o(.text)
    DMA1_Channel4_5_IRQHandler               0x0800043b   Thumb Code     0  startup_stm32f051x8.o(.text)
    EXTI0_1_IRQHandler                       0x0800043b   Thumb Code     0  startup_stm32f051x8.o(.text)
    EXTI2_3_IRQHandler                       0x0800043b   Thumb Code     0  startup_stm32f051x8.o(.text)
    EXTI4_15_IRQHandler                      0x0800043b   Thumb Code     0  startup_stm32f051x8.o(.text)
    FLASH_IRQHandler                         0x0800043b   Thumb Code     0  startup_stm32f051x8.o(.text)
    I2C1_IRQHandler                          0x0800043b   Thumb Code     0  startup_stm32f051x8.o(.text)
    I2C2_IRQHandler                          0x0800043b   Thumb Code     0  startup_stm32f051x8.o(.text)
    PVD_IRQHandler                           0x0800043b   Thumb Code     0  startup_stm32f051x8.o(.text)
    RCC_IRQHandler                           0x0800043b   Thumb Code     0  startup_stm32f051x8.o(.text)
    RTC_IRQHandler                           0x0800043b   Thumb Code     0  startup_stm32f051x8.o(.text)
    SPI1_IRQHandler                          0x0800043b   Thumb Code     0  startup_stm32f051x8.o(.text)
    SPI2_IRQHandler                          0x0800043b   Thumb Code     0  startup_stm32f051x8.o(.text)
    TIM14_IRQHandler                         0x0800043b   Thumb Code     0  startup_stm32f051x8.o(.text)
    TIM15_IRQHandler                         0x0800043b   Thumb Code     0  startup_stm32f051x8.o(.text)
    TIM16_IRQHandler                         0x0800043b   Thumb Code     0  startup_stm32f051x8.o(.text)
    TIM17_IRQHandler                         0x0800043b   Thumb Code     0  startup_stm32f051x8.o(.text)
    TIM1_BRK_UP_TRG_COM_IRQHandler           0x0800043b   Thumb Code     0  startup_stm32f051x8.o(.text)
    TIM1_CC_IRQHandler                       0x0800043b   Thumb Code     0  startup_stm32f051x8.o(.text)
    TIM2_IRQHandler                          0x0800043b   Thumb Code     0  startup_stm32f051x8.o(.text)
    TIM3_IRQHandler                          0x0800043b   Thumb Code     0  startup_stm32f051x8.o(.text)
    TIM6_DAC_IRQHandler                      0x0800043b   Thumb Code     0  startup_stm32f051x8.o(.text)
    TSC_IRQHandler                           0x0800043b   Thumb Code     0  startup_stm32f051x8.o(.text)
    USART1_IRQHandler                        0x0800043b   Thumb Code     0  startup_stm32f051x8.o(.text)
    USART2_IRQHandler                        0x0800043b   Thumb Code     0  startup_stm32f051x8.o(.text)
    WWDG_IRQHandler                          0x0800043b   Thumb Code     0  startup_stm32f051x8.o(.text)
    SystemInit                               0x08000445   Thumb Code   104  system_stm32f0xx.o(.text)
    SystemCoreClockUpdate                    0x080004ad   Thumb Code   156  system_stm32f0xx.o(.text)
    __aeabi_uidiv                            0x08000565   Thumb Code     0  uidiv.o(.text)
    __aeabi_uidivmod                         0x08000565   Thumb Code    44  uidiv.o(.text)
    __scatterload                            0x08000591   Thumb Code    28  init.o(.text)
    __scatterload_rt2                        0x08000591   Thumb Code     0  init.o(.text)
    __scatterload_copy                       0x080005b5   Thumb Code    14  handlers.o(i.__scatterload_copy)
    __scatterload_null                       0x080005c3   Thumb Code     2  handlers.o(i.__scatterload_null)
    __scatterload_zeroinit                   0x080005c5   Thumb Code    14  handlers.o(i.__scatterload_zeroinit)
    led_mask                                 0x080005d4   Data           8  led_stm32f051-discovery.o(.constdata)
    AHBPrescTable                            0x080005dc   Data          16  system_stm32f0xx.o(.constdata)
    Region$$Table$$Base                      0x080005ec   Number         0  anon$$obj.o(Region$$Table)
    Region$$Table$$Limit                     0x0800060c   Number         0  anon$$obj.o(Region$$Table)
    msTicks                                  0x20000000   Data           4  blinky.o(.data)
    SystemCoreClock                          0x20000004   Data           4  system_stm32f0xx.o(.data)
    __initial_sp                             0x20000408   Data           0  startup_stm32f051x8.o(STACK)



==============================================================================

Memory Map of the image

  Image Entry point : 0x080000bd

  Load Region LR_IROM1 (Base: 0x08000000, Size: 0x00000614, Max: 0x00010000, ABSOLUTE)

    Execution Region ER_IROM1 (Base: 0x08000000, Size: 0x0000060c, Max: 0x00010000, ABSOLUTE)

    Base Addr    Size         Type   Attr      Idx    E Section Name        Object

    0x08000000   0x000000bc   Data   RO          103    RESET               startup_stm32f051x8.o
    0x080000bc   0x00000000   Code   RO          135  * .ARM.Collect$$$$00000000  mc_p.l(entry.o)
    0x080000bc   0x00000004   Code   RO          140    .ARM.Collect$$$$00000001  mc_p.l(entry2.o)
    0x080000c0   0x00000004   Code   RO          143    .ARM.Collect$$$$00000004  mc_p.l(entry5.o)
    0x080000c4   0x00000000   Code   RO          145    .ARM.Collect$$$$00000008  mc_p.l(entry7b.o)
    0x080000c4   0x00000000   Code   RO          147    .ARM.Collect$$$$0000000A  mc_p.l(entry8b.o)
    0x080000c4   0x00000008   Code   RO          148    .ARM.Collect$$$$0000000B  mc_p.l(entry9a.o)
    0x080000cc   0x00000000   Code   RO          150    .ARM.Collect$$$$0000000D  mc_p.l(entry10a.o)
    0x080000cc   0x00000000   Code   RO          152    .ARM.Collect$$$$0000000F  mc_p.l(entry11a.o)
    0x080000cc   0x00000004   Code   RO          141    .ARM.Collect$$$$00002712  mc_p.l(entry2.o)
    0x080000d0   0x0000020c   Code   RO            3    .text               blinky.o
    0x080002dc   0x00000068   Code   RO           57    .text               buttons_stm32f051-discovery.o
    0x08000344   0x000000e4   Code   RO           80    .text               led_stm32f051-discovery.o
    0x08000428   0x0000001c   Code   RO          104    .text               startup_stm32f051x8.o
    0x08000444   0x00000120   Code   RO          110    .text               system_stm32f0xx.o
    0x08000564   0x0000002c   Code   RO          138    .text               mc_p.l(uidiv.o)
    0x08000590   0x00000024   Code   RO          154    .text               mc_p.l(init.o)
    0x080005b4   0x0000000e   Code   RO          158    i.__scatterload_copy  mc_p.l(handlers.o)
    0x080005c2   0x00000002   Code   RO          159    i.__scatterload_null  mc_p.l(handlers.o)
    0x080005c4   0x0000000e   Code   RO          160    i.__scatterload_zeroinit  mc_p.l(handlers.o)
    0x080005d2   0x00000002   PAD
    0x080005d4   0x00000008   Data   RO           81    .constdata          led_stm32f051-discovery.o
    0x080005dc   0x00000010   Data   RO          111    .constdata          system_stm32f0xx.o
    0x080005ec   0x00000020   Data   RO          156    Region$$Table       anon$$obj.o


    Execution Region RW_IRAM1 (Base: 0x20000000, Size: 0x00000408, Max: 0x00002000, ABSOLUTE)

    Base Addr    Size         Type   Attr      Idx    E Section Name        Object

    0x20000000   0x00000004   Data   RW            4    .data               blinky.o
    0x20000004   0x00000004   Data   RW          112    .data               system_stm32f0xx.o
    0x20000008   0x00000400   Zero   RW          101    STACK               startup_stm32f051x8.o


==============================================================================

Image component sizes


      Code (inc. data)   RO Data    RW Data    ZI Data      Debug   Object Name

       524         34          0          4          0     129292   blinky.o
       104          4          0          0          0       1040   buttons_stm32f051-discovery.o
       228         14          8          0          0       2264   led_stm32f051-discovery.o
        28          8        188          0       1024        668   startup_stm32f051x8.o
       288         28         16          4          0       1687   system_stm32f0xx.o

    ----------------------------------------------------------------------
      1172         88        244          8       1024     134951   Object Totals
         0          0         32          0          0          0   (incl. Generated)
         0          0          0          0          0          0   (incl. Padding)

    ----------------------------------------------------------------------

      Code (inc. data)   RO Data    RW Data    ZI Data      Debug   Library Member Name

         0          0          0          0          0          0   entry.o
         0          0          0          0          0          0   entry10a.o
         0          0          0          0          0          0   entry11a.o
         8          4          0          0          0          0   entry2.o
         4          0          0          0          0          0   entry5.o
         0          0          0          0          0          0   entry7b.o
         0          0          0          0          0          0   entry8b.o
         8          4          0          0          0          0   entry9a.o
        30          0          0          0          0          0   handlers.o
        36          8          0          0          0         68   init.o
        44          0          0          0          0         72   uidiv.o

    ----------------------------------------------------------------------
       132         16          0          0          0        140   Library Totals
         2          0          0          0          0          0   (incl. Padding)

    ----------------------------------------------------------------------

      Code (inc. data)   RO Data    RW Data    ZI Data      Debug   Library Name

       130         16          0          0          0        140   mc_p.l

    ----------------------------------------------------------------------
       132         16          0          0          0        140   Library Totals

    ----------------------------------------------------------------------

==============================================================================


      Code (inc. data)   RO Data    RW Data    ZI Data      Debug   

      1304        104        244          8       1024     135023   Grand Totals
      1304        104        244          8       1024     135023   ELF Image Totals
      1304        104        244          8          0          0   ROM Totals

==============================================================================

    Total RO  Size (Code + RO Data)                 1548 (   1.51kB)
    Total RW  Size (RW Data + ZI Data)              1032 (   1.01kB)
    Total ROM Size (Code + RO Data + RW Data)       1556 (   1.52kB)

==============================================================================

