<html>
<body>
<pre>
<h1>µVision Build Log</h1>
<h2>Tool Versions:</h2>
IDE-Version: µVision V5.22.0.0
Copyright (C) 2016 ARM Ltd and ARM Germany GmbH. All rights reserved.
License Information: Sam Clay, Turn Touch, LIC=----
 
Tool Versions:
Toolchain:       MDK-Lite  Version: 5.22
Toolchain Path:  C:\Keil_v5\ARM\ARMCC\Bin
C Compiler:      Armcc.exe V5.06 update 4 (build 422)
Assembler:       Armasm.exe V5.06 update 4 (build 422)
Linker/Locator:  ArmLink.exe V5.06 update 4 (build 422)
Library Manager: ArmAr.exe V5.06 update 4 (build 422)
Hex Converter:   FromElf.exe V5.06 update 4 (build 422)
CPU DLL:         SARMCM3.DLL V5.22
Dialog DLL:      DARMCM1.DLL V1.15.0.0
Target DLL:      STLink\ST-LINKIII-KEIL_SWO.dll V2.0.18.0
Dialog DLL:      TARMCM1.DLL V1.11.0.0
 
<h2>Project:</h2>
Z:\sclay On My Mac\projects\tikilights\stm32 demo\Boards\ST\STM32F051-Discovery\Blinky\Blinky.uvprojx
Project File Date:  03/17/2016

<h2>Output:</h2>
*** Using Compiler 'V5.06 update 4 (build 422)', folder: 'C:\Keil_v5\ARM\ARMCC\Bin'
Rebuild target 'STM32F051 Flash'
assembling startup_stm32f051x8.s...
compiling Buttons_STM32F051-Discovery.c...
compiling Blinky.c...
compiling system_stm32f0xx.c...
compiling LED_STM32F051-Discovery.c...
linking...
Program Size: Code=1304 RO-data=244 RW-data=8 ZI-data=1024  
".\Flash\Blinky.axf" - 0 Error(s), 0 Warning(s).

<h2>Software Packages used:</h2>

Package Vendor: ARM
                http://www.keil.com/pack/ARM.CMSIS.5.0.0.pack
                ARM::CMSIS:CORE:5.0.0
                CMSIS (Cortex Microcontroller Software Interface Standard)
   * Component: CORE Version: 5.0.0

Package Vendor: Keil
                http://www.keil.com/pack/Keil.MDK-Middleware.7.3.0.pack
                ::Board Support:Buttons:1.00 (API)
                Keil MDK-ARM Professional Middleware for ARM Cortex-M based devices
   * Component: Buttons Version: 1.00
   * Component: LED Version: 1.00

Package Vendor: Keil
                http://www.keil.com/pack/Keil.STM32F0xx_DFP.1.5.0.pack
                Keil::Device:Startup:2.2.3
                STMicroelectronics STM32F0 Series Device Support and Examples
   * Component: Startup Version: 2.2.3
   * Component: LED Version: 1.0.0
   * Component: Buttons Version: 1.0.0

<h2>Collection of Component include folders:</h2>
  Z:\sclay On My Mac\projects\tikilights\stm32 demo\Boards\ST\STM32F051-Discovery\Blinky\RTE\_STM32F051_Flash
  C:\Keil_v5\ARM\PACK\ARM\CMSIS\5.0.0\CMSIS\Include
  C:\Keil_v5\ARM\PACK\Keil\MDK-Middleware\7.3.0\Board
  C:\Keil_v5\ARM\PACK\Keil\STM32F0xx_DFP\1.5.0\Device\Include

<h2>Collection of Component Files used:</h2>

   * Component: ARM::CMSIS:CORE:5.0.0

   * Component: ::Board Support:Buttons:1.00 (API)
      Include file:  Board\Board_Buttons.h

   * Component: ::Board Support:LED:1.00 (API)
      Include file:  Board\Board_LED.h

   * Component: Keil::Device:Startup:2.2.3
      Source file:   Device\Source\ARM\startup_stm32f051x8.s
      Source file:   Device\Source\system_stm32f0xx.c
      Source file:   Device\Source\ARM\STM32F0xx_OPT.s

   * Component: Keil.STM32F051-Discovery::Board Support:LED:1.0.0
      Source file:   Boards\ST\STM32F051-Discovery\Common\LED_STM32F051-Discovery.c

   * Component: Keil.STM32F051-Discovery::Board Support:Buttons:1.0.0
      Source file:   Boards\ST\STM32F051-Discovery\Common\Buttons_STM32F051-Discovery.c
Build Time Elapsed:  00:00:01
</pre>
</body>
</html>
